../Core/Src/Lcd/ili9341.c:276:6:ili9341_DisplayOn	16	static
../Core/Src/Lcd/ili9341.c:288:6:ili9341_DisplayOff	16	static
../Core/Src/Lcd/ili9341.c:300:10:ili9341_GetLcdPixelWidth	4	static
../Core/Src/Lcd/ili9341.c:311:10:ili9341_GetLcdPixelHeight	4	static
../Core/Src/Lcd/ili9341.c:322:10:ili9341_ReadID	24	static
../Core/Src/Lcd/ili9341.c:330:6:ili9341_Init	16	static
../Core/Src/Lcd/ili9341.c:403:6:ili9341_SetCursor	32	static
../Core/Src/Lcd/ili9341.c:416:6:ili9341_WritePixel	32	static
../Core/Src/Lcd/ili9341.c:434:10:ili9341_ReadPixel	40	static
../Core/Src/Lcd/ili9341.c:456:6:ili9341_SetDisplayWindow	40	static
../Core/Src/Lcd/ili9341.c:471:6:ili9341_DrawHLine	40	static
../Core/Src/Lcd/ili9341.c:491:6:ili9341_DrawVLine	40	static
../Core/Src/Lcd/ili9341.c:512:6:ili9341_FillRect	40	static
../Core/Src/Lcd/ili9341.c:532:6:ili9341_DrawBitmap	40	static
../Core/Src/Lcd/ili9341.c:564:6:ili9341_DrawRGBImage	32	static
../Core/Src/Lcd/ili9341.c:586:6:ili9341_ReadRGBImage	32	static
../Core/Src/Lcd/ili9341.c:605:6:ili9341_Scroll	48	static
../Core/Src/Lcd/ili9341.c:675:6:ili9341_LVGL	40	static
../Core/Src/Lcd/ili9341.c:693:6:ili9341_UserCommand	32	static
