../Core/Src/Lcd/stm32_adafruit_lcd.c:123:9:BSP_LCD_Init	16	static
../Core/Src/Lcd/stm32_adafruit_lcd.c:150:10:BSP_LCD_GetXSize	8	static
../Core/Src/Lcd/stm32_adafruit_lcd.c:160:10:BSP_LCD_GetYSize	8	static
../Core/Src/Lcd/stm32_adafruit_lcd.c:170:10:BSP_LCD_GetTextColor	4	static
../Core/Src/Lcd/stm32_adafruit_lcd.c:180:10:BSP_LCD_GetBackColor	4	static
../Core/Src/Lcd/stm32_adafruit_lcd.c:190:6:BSP_LCD_SetTextColor	16	static
../Core/Src/Lcd/stm32_adafruit_lcd.c:200:6:BSP_LCD_SetBackColor	16	static
../Core/Src/Lcd/stm32_adafruit_lcd.c:210:6:BSP_LCD_SetFont	16	static
../Core/Src/Lcd/stm32_adafruit_lcd.c:220:8:BSP_LCD_GetFont	4	static
../Core/Src/Lcd/stm32_adafruit_lcd.c:230:6:BSP_LCD_Clear	32	static
../Core/Src/Lcd/stm32_adafruit_lcd.c:244:6:BSP_LCD_ClearStringLine	32	static
../Core/Src/Lcd/stm32_adafruit_lcd.c:264:6:BSP_LCD_DisplayChar	16	static
../Core/Src/Lcd/stm32_adafruit_lcd.c:282:6:BSP_LCD_DisplayStringAt	48	static
../Core/Src/Lcd/stm32_adafruit_lcd.c:343:6:BSP_LCD_DisplayStringAtLine	16	static
../Core/Src/Lcd/stm32_adafruit_lcd.c:355:6:BSP_LCD_DrawPixel	16	static
../Core/Src/Lcd/stm32_adafruit_lcd.c:367:6:BSP_LCD_DrawHLine	24	static
../Core/Src/Lcd/stm32_adafruit_lcd.c:379:6:BSP_LCD_DrawVLine	24	static
../Core/Src/Lcd/stm32_adafruit_lcd.c:392:6:BSP_LCD_DrawLine	56	static
../Core/Src/Lcd/stm32_adafruit_lcd.c:467:6:BSP_LCD_DrawRect	24	static
../Core/Src/Lcd/stm32_adafruit_lcd.c:485:6:BSP_LCD_DrawCircle	32	static
../Core/Src/Lcd/stm32_adafruit_lcd.c:525:6:BSP_LCD_DrawPolygon	32	static
../Core/Src/Lcd/stm32_adafruit_lcd.c:553:6:BSP_LCD_DrawEllipse	56	static
../Core/Src/Lcd/stm32_adafruit_lcd.c:586:6:BSP_LCD_DrawBitmap	24	static
../Core/Src/Lcd/stm32_adafruit_lcd.c:610:6:BSP_LCD_FillRect	32	static
../Core/Src/Lcd/stm32_adafruit_lcd.c:622:6:BSP_LCD_FillCircle	32	static
../Core/Src/Lcd/stm32_adafruit_lcd.c:669:6:BSP_LCD_FillPolygon	64	static
../Core/Src/Lcd/stm32_adafruit_lcd.c:737:6:BSP_LCD_FillEllipse	56	static
../Core/Src/Lcd/stm32_adafruit_lcd.c:768:6:BSP_LCD_DisplayOn	8	static
../Core/Src/Lcd/stm32_adafruit_lcd.c:778:6:BSP_LCD_DisplayOff	8	static
../Core/Src/Lcd/stm32_adafruit_lcd.c:794:13:DrawChar	48	static
../Core/Src/Lcd/stm32_adafruit_lcd.c:854:6:BSP_LCD_FillTriangle	72	static
../Core/Src/Lcd/stm32_adafruit_lcd.c:943:13:SetDisplayWindow	24	static
../Core/Src/Lcd/stm32_adafruit_lcd.c:953:10:BSP_LCD_ReadID	8	static
../Core/Src/Lcd/stm32_adafruit_lcd.c:964:10:BSP_LCD_ReadPixel	16	static
../Core/Src/Lcd/stm32_adafruit_lcd.c:978:6:BSP_LCD_DrawRGB16Image	32	static
../Core/Src/Lcd/stm32_adafruit_lcd.c:992:6:BSP_LCD_ReadRGB16Image	32	static
../Core/Src/Lcd/stm32_adafruit_lcd.c:1004:6:BSP_LCD_Scroll	16	static
../Core/Src/Lcd/stm32_adafruit_lcd.c:1016:6:BSP_LCD_DataWrite8	32	static
../Core/Src/Lcd/stm32_adafruit_lcd.c:1020:6:BSP_LCD_DataWrite16	32	static
../Core/Src/Lcd/stm32_adafruit_lcd.c:1024:6:BSP_LCD_DataRead8	32	static
../Core/Src/Lcd/stm32_adafruit_lcd.c:1028:6:BSP_LCD_DataRead16	32	static
