../Core/lvgl/src/lv_draw/../../../lvgl/src/lv_draw/../../../lvgl/src/lv_core/../../../lvgl/src/lv_misc/lv_color.h:389:26:lv_color_make	24	static
../Core/lvgl/src/lv_draw/lv_img_decoder.c:66:6:lv_img_decoder_init	16	static
../Core/lvgl/src/lv_draw/lv_img_decoder.c:93:10:lv_img_decoder_get_info	24	static
../Core/lvgl/src/lv_draw/lv_img_decoder.c:123:10:lv_img_decoder_open	32	static
../Core/lvgl/src/lv_draw/lv_img_decoder.c:167:10:lv_img_decoder_read_line	48	static
../Core/lvgl/src/lv_draw/lv_img_decoder.c:179:6:lv_img_decoder_close	16	static
../Core/lvgl/src/lv_draw/lv_img_decoder.c:188:20:lv_img_decoder_create	16	static
../Core/lvgl/src/lv_draw/lv_img_decoder.c:204:6:lv_img_decoder_delete	16	static
../Core/lvgl/src/lv_draw/lv_img_decoder.c:215:6:lv_img_decoder_set_info_cb	16	static
../Core/lvgl/src/lv_draw/lv_img_decoder.c:225:6:lv_img_decoder_set_open_cb	16	static
../Core/lvgl/src/lv_draw/lv_img_decoder.c:235:6:lv_img_decoder_set_read_line_cb	16	static
../Core/lvgl/src/lv_draw/lv_img_decoder.c:245:6:lv_img_decoder_set_close_cb	16	static
../Core/lvgl/src/lv_draw/lv_img_decoder.c:254:17:lv_img_decoder_built_in_info	40	static
../Core/lvgl/src/lv_draw/lv_img_decoder.c:299:17:lv_img_decoder_built_in_open	64	static
../Core/lvgl/src/lv_draw/lv_img_decoder.c:428:17:lv_img_decoder_built_in_read_line	40	static
../Core/lvgl/src/lv_draw/lv_img_decoder.c:457:13:lv_img_decoder_built_in_close	24	static
../Core/lvgl/src/lv_draw/lv_img_decoder.c:477:17:lv_img_decoder_built_in_line_true_color	48	static
../Core/lvgl/src/lv_draw/lv_img_decoder.c:507:17:lv_img_decoder_built_in_line_alpha	416	static
../Core/lvgl/src/lv_draw/lv_img_decoder.c:615:17:lv_img_decoder_built_in_line_indexed	392	static
