../Core/lvgl/src/lv_core/lv_indev.c:65:6:lv_indev_init	8	static
../Core/lvgl/src/lv_core/lv_indev.c:74:6:lv_indev_read_task	48	static
../Core/lvgl/src/lv_core/lv_indev.c:132:14:lv_indev_get_act	4	static
../Core/lvgl/src/lv_core/lv_indev.c:142:17:lv_indev_get_type	16	static
../Core/lvgl/src/lv_core/lv_indev.c:152:6:lv_indev_reset	24	static
../Core/lvgl/src/lv_core/lv_indev.c:170:6:lv_indev_reset_long_press	16	static
../Core/lvgl/src/lv_core/lv_indev.c:182:6:lv_indev_enable	16	static
../Core/lvgl/src/lv_core/lv_indev.c:194:6:lv_indev_set_cursor	24	static
../Core/lvgl/src/lv_core/lv_indev.c:209:6:lv_indev_set_group	16	static
../Core/lvgl/src/lv_core/lv_indev.c:223:6:lv_indev_set_button_points	16	static
../Core/lvgl/src/lv_core/lv_indev.c:235:6:lv_indev_get_point	16	static
../Core/lvgl/src/lv_core/lv_indev.c:251:10:lv_indev_get_key	16	static
../Core/lvgl/src/lv_core/lv_indev.c:265:6:lv_indev_is_dragging	16	static
../Core/lvgl/src/lv_core/lv_indev.c:278:6:lv_indev_get_vect	16	static
../Core/lvgl/src/lv_core/lv_indev.c:299:6:lv_indev_wait_release	16	static
../Core/lvgl/src/lv_core/lv_indev.c:310:13:lv_indev_get_read_task	16	static
../Core/lvgl/src/lv_core/lv_indev.c:324:12:lv_indev_get_obj_act	4	static
../Core/lvgl/src/lv_core/lv_indev.c:338:13:indev_pointer_proc	16	static
../Core/lvgl/src/lv_core/lv_indev.c:364:13:indev_keypad_proc	32	static
../Core/lvgl/src/lv_core/lv_indev.c:512:13:indev_encoder_proc	40	static
../Core/lvgl/src/lv_core/lv_indev.c:661:13:indev_button_proc	16	static
../Core/lvgl/src/lv_core/lv_indev.c:684:13:indev_proc_press	32	static
../Core/lvgl/src/lv_core/lv_indev.c:827:13:indev_proc_release	32	static
../Core/lvgl/src/lv_core/lv_indev.c:962:13:indev_proc_reset_query_handler	16	static
../Core/lvgl/src/lv_core/lv_indev.c:987:19:indev_search_obj	32	static
../Core/lvgl/src/lv_core/lv_indev.c:1043:13:indev_drag	48	static
../Core/lvgl/src/lv_core/lv_indev.c:1142:13:indev_drag_throw	48	static
../Core/lvgl/src/lv_core/lv_indev.c:1223:13:indev_reset_check	16	static
