../Core/lvgl/src/lv_core/../../../lvgl/src/lv_core/../../../lvgl/src/lv_core/../../../lvgl/src/lv_misc/lv_area.h:73:20:lv_area_copy	16	static
../Core/lvgl/src/lv_core/../../../lvgl/src/lv_core/../../../lvgl/src/lv_core/../../../lvgl/src/lv_misc/lv_area.h:83:26:lv_area_get_width	16	static
../Core/lvgl/src/lv_core/../../../lvgl/src/lv_core/../../../lvgl/src/lv_core/../../../lvgl/src/lv_misc/lv_area.h:93:26:lv_area_get_height	16	static
../Core/lvgl/src/lv_core/lv_obj.c:75:6:lv_init	8	static
../Core/lvgl/src/lv_core/lv_obj.c:131:12:lv_obj_create	40	static
../Core/lvgl/src/lv_core/lv_obj.c:375:10:lv_obj_del	40	static
../Core/lvgl/src/lv_core/lv_obj.c:457:6:lv_obj_clean	24	static
../Core/lvgl/src/lv_core/lv_obj.c:474:6:lv_obj_invalidate	48	static
../Core/lvgl/src/lv_core/lv_obj.c:521:6:lv_obj_set_parent	24	static
../Core/lvgl/src/lv_core/lv_obj.c:558:6:lv_obj_move_foreground	24	static
../Core/lvgl/src/lv_core/lv_obj.c:579:6:lv_obj_move_background	24	static
../Core/lvgl/src/lv_core/lv_obj.c:606:6:lv_obj_set_pos	32	static
../Core/lvgl/src/lv_core/lv_obj.c:653:6:lv_obj_set_x	16	static
../Core/lvgl/src/lv_core/lv_obj.c:663:6:lv_obj_set_y	16	static
../Core/lvgl/src/lv_core/lv_obj.c:674:6:lv_obj_set_size	32	static
../Core/lvgl/src/lv_core/lv_obj.c:723:6:lv_obj_set_width	16	static
../Core/lvgl/src/lv_core/lv_obj.c:733:6:lv_obj_set_height	16	static
../Core/lvgl/src/lv_core/lv_obj.c:746:6:lv_obj_align	48	static
../Core/lvgl/src/lv_core/lv_obj.c:891:6:lv_obj_align_origo	48	static
../Core/lvgl/src/lv_core/lv_obj.c:1035:6:lv_obj_realign	24	static
../Core/lvgl/src/lv_core/lv_obj.c:1054:6:lv_obj_set_auto_realign	16	static
../Core/lvgl/src/lv_core/lv_obj.c:1089:6:lv_obj_set_ext_click_area	24	static
../Core/lvgl/src/lv_core/lv_obj.c:1117:6:lv_obj_set_style	16	static
../Core/lvgl/src/lv_core/lv_obj.c:1132:6:lv_obj_refresh_style	16	static
../Core/lvgl/src/lv_core/lv_obj.c:1144:6:lv_obj_report_style_mod	24	static
../Core/lvgl/src/lv_core/lv_obj.c:1171:6:lv_obj_set_hidden	24	static
../Core/lvgl/src/lv_core/lv_obj.c:1188:6:lv_obj_set_click	16	static
../Core/lvgl/src/lv_core/lv_obj.c:1199:6:lv_obj_set_top	16	static
../Core/lvgl/src/lv_core/lv_obj.c:1209:6:lv_obj_set_drag	16	static
../Core/lvgl/src/lv_core/lv_obj.c:1220:6:lv_obj_set_drag_dir	16	static
../Core/lvgl/src/lv_core/lv_obj.c:1232:6:lv_obj_set_drag_throw	16	static
../Core/lvgl/src/lv_core/lv_obj.c:1243:6:lv_obj_set_drag_parent	16	static
../Core/lvgl/src/lv_core/lv_obj.c:1253:6:lv_obj_set_parent_event	16	static
../Core/lvgl/src/lv_core/lv_obj.c:1263:6:lv_obj_set_opa_scale_enable	16	static
../Core/lvgl/src/lv_core/lv_obj.c:1273:6:lv_obj_set_opa_scale	16	static
../Core/lvgl/src/lv_core/lv_obj.c:1284:6:lv_obj_set_protect	16	static
../Core/lvgl/src/lv_core/lv_obj.c:1294:6:lv_obj_clear_protect	16	static
../Core/lvgl/src/lv_core/lv_obj.c:1306:6:lv_obj_set_event_cb	16	static
../Core/lvgl/src/lv_core/lv_obj.c:1318:10:lv_event_send	32	static
../Core/lvgl/src/lv_core/lv_obj.c:1337:10:lv_event_send_func	48	static
../Core/lvgl/src/lv_core/lv_obj.c:1390:14:lv_event_get_data	4	static
../Core/lvgl/src/lv_core/lv_obj.c:1401:6:lv_obj_set_signal_cb	16	static
../Core/lvgl/src/lv_core/lv_obj.c:1411:6:lv_signal_send	24	static
../Core/lvgl/src/lv_core/lv_obj.c:1421:6:lv_obj_set_design_cb	16	static
../Core/lvgl/src/lv_core/lv_obj.c:1436:8:lv_obj_allocate_ext_attr	16	static
../Core/lvgl/src/lv_core/lv_obj.c:1447:6:lv_obj_refresh_ext_draw_pad	16	static
../Core/lvgl/src/lv_core/lv_obj.c:1464:12:lv_obj_get_screen	24	static
../Core/lvgl/src/lv_core/lv_obj.c:1482:13:lv_obj_get_disp	32	static
../Core/lvgl/src/lv_core/lv_obj.c:1514:12:lv_obj_get_parent	16	static
../Core/lvgl/src/lv_core/lv_obj.c:1526:12:lv_obj_get_child	24	static
../Core/lvgl/src/lv_core/lv_obj.c:1546:12:lv_obj_get_child_back	24	static
../Core/lvgl/src/lv_core/lv_obj.c:1564:10:lv_obj_count_children	24	static
../Core/lvgl/src/lv_core/lv_obj.c:1578:10:lv_obj_count_children_recursive	24	static
../Core/lvgl/src/lv_core/lv_obj.c:1601:6:lv_obj_get_coords	16	static
../Core/lvgl/src/lv_core/lv_obj.c:1611:6:lv_obj_get_inner_coords	24	static
../Core/lvgl/src/lv_core/lv_obj.c:1628:12:lv_obj_get_x	24	static
../Core/lvgl/src/lv_core/lv_obj.c:1642:12:lv_obj_get_y	24	static
../Core/lvgl/src/lv_core/lv_obj.c:1656:12:lv_obj_get_width	16	static
../Core/lvgl/src/lv_core/lv_obj.c:1666:12:lv_obj_get_height	16	static
../Core/lvgl/src/lv_core/lv_obj.c:1676:12:lv_obj_get_width_fit	24	static
../Core/lvgl/src/lv_core/lv_obj.c:1688:12:lv_obj_get_height_fit	24	static
../Core/lvgl/src/lv_core/lv_obj.c:1700:6:lv_obj_get_auto_realign	16	static
../Core/lvgl/src/lv_core/lv_obj.c:1715:12:lv_obj_get_ext_click_pad_left	16	static
../Core/lvgl/src/lv_core/lv_obj.c:1732:12:lv_obj_get_ext_click_pad_right	16	static
../Core/lvgl/src/lv_core/lv_obj.c:1749:12:lv_obj_get_ext_click_pad_top	16	static
../Core/lvgl/src/lv_core/lv_obj.c:1766:12:lv_obj_get_ext_click_pad_bottom	16	static
../Core/lvgl/src/lv_core/lv_obj.c:1783:12:lv_obj_get_ext_draw_pad	16	static
../Core/lvgl/src/lv_core/lv_obj.c:1797:20:lv_obj_get_style	32	static
../Core/lvgl/src/lv_core/lv_obj.c:1845:6:lv_obj_get_hidden	16	static
../Core/lvgl/src/lv_core/lv_obj.c:1855:6:lv_obj_get_click	16	static
../Core/lvgl/src/lv_core/lv_obj.c:1865:6:lv_obj_get_top	16	static
../Core/lvgl/src/lv_core/lv_obj.c:1875:6:lv_obj_get_drag	16	static
../Core/lvgl/src/lv_core/lv_obj.c:1885:15:lv_obj_get_drag_dir	16	static
../Core/lvgl/src/lv_core/lv_obj.c:1895:6:lv_obj_get_drag_throw	16	static
../Core/lvgl/src/lv_core/lv_obj.c:1905:6:lv_obj_get_drag_parent	16	static
../Core/lvgl/src/lv_core/lv_obj.c:1915:6:lv_obj_get_parent_event	16	static
../Core/lvgl/src/lv_core/lv_obj.c:1925:10:lv_obj_get_opa_scale_enable	16	static
../Core/lvgl/src/lv_core/lv_obj.c:1935:10:lv_obj_get_opa_scale	24	static
../Core/lvgl/src/lv_core/lv_obj.c:1952:9:lv_obj_get_protect	16	static
../Core/lvgl/src/lv_core/lv_obj.c:1963:6:lv_obj_is_protected	16	static
../Core/lvgl/src/lv_core/lv_obj.c:1973:16:lv_obj_get_signal_cb	16	static
../Core/lvgl/src/lv_core/lv_obj.c:1983:16:lv_obj_get_design_cb	16	static
../Core/lvgl/src/lv_core/lv_obj.c:1993:15:lv_obj_get_event_cb	16	static
../Core/lvgl/src/lv_core/lv_obj.c:2008:8:lv_obj_get_ext_attr	16	static
../Core/lvgl/src/lv_core/lv_obj.c:2019:6:lv_obj_get_type	56	static
../Core/lvgl/src/lv_core/lv_obj.c:2047:20:lv_obj_get_user_data	16	static
../Core/lvgl/src/lv_core/lv_obj.c:2057:22:lv_obj_get_user_data_ptr	16	static
../Core/lvgl/src/lv_core/lv_obj.c:2067:6:lv_obj_set_user_data	16	static
../Core/lvgl/src/lv_core/lv_obj.c:2079:8:lv_obj_get_group	16	static
../Core/lvgl/src/lv_core/lv_obj.c:2089:6:lv_obj_is_focused	16	static
../Core/lvgl/src/lv_core/lv_obj.c:2112:13:lv_obj_design	56	static
../Core/lvgl/src/lv_core/lv_obj.c:2158:17:lv_obj_signal	40	static
../Core/lvgl/src/lv_core/lv_obj.c:2187:13:refresh_children_position	24	static
../Core/lvgl/src/lv_core/lv_obj.c:2206:13:report_style_mod_core	24	static
../Core/lvgl/src/lv_core/lv_obj.c:2225:13:refresh_children_style	24	static
../Core/lvgl/src/lv_core/lv_obj.c:2244:13:delete_children	40	static
../Core/lvgl/src/lv_core/lv_obj.c:2310:13:lv_event_mark_deleted	24	static
